Microchip MPLAB XC8 Compiler V2.05 ()

Linker command line:

-W-3 --edf=C:\Program Files (x86)\Microchip\xc8\v2.05\pic\dat\en_msgs.txt \
  -cs -h+dist/default/production\Design_Project_V3.X.production.sym \
  --cmf=dist/default/production\Design_Project_V3.X.production.cmf -z \
  -Q16F18855 -oC:\Users\user\AppData\Local\Temp\s4b0.2 \
  --defsym=__MPLAB_BUILD=1 \
  -Mdist/default/production/Design_Project_V3.X.production.map -E1 -ver=XC8 \
  --acfsm=1493 -ASTACK=020E6h-0231Dh -pstack=STACK -ACODE=00h-07FFhx4 \
  -ASTRCODE=00h-01FFFh -ASTRING=00h-0FFhx32 -ACONST=00h-0FFhx32 \
  -AENTRY=00h-0FFhx32 -ACOMMON=070h-07Fh -ABANK0=020h-06Fh \
  -ABANK1=0A0h-0EFh -ABANK2=0120h-016Fh -ABANK3=01A0h-01EFh \
  -ABANK4=0220h-026Fh -ABANK5=02A0h-02EFh -ABANK6=0320h-036Fh \
  -ABANK7=03A0h-03EFh -ABANK8=0420h-046Fh -ABANK9=04A0h-04EFh \
  -ABANK10=0520h-056Fh -ABANK11=05A0h-05EFh -ABANK12=0620h-064Fh \
  -ABIGRAM=02000h-023EFh \
  -ARAM=020h-06Fh,0A0h-0EFh,0120h-016Fh,01A0h-01EFh,0220h-026Fh,02A0h-02EFh,0320h-036Fh,03A0h-03EFh,0420h-046Fh,04A0h-04EFh,0520h-056Fh,05A0h-05EFh,0620h-064Fh \
  -AABS1=020h-07Fh,0A0h-0EFh,0120h-016Fh,01A0h-01EFh,0220h-026Fh,02A0h-02EFh,0320h-036Fh,03A0h-03EFh,0420h-046Fh,04A0h-04EFh,0520h-056Fh,05A0h-05EFh,0620h-064Fh \
  -ASFR0=00h-01Fh -ASFR1=080h-09Fh -ASFR2=0100h-011Fh -ASFR3=0180h-019Fh \
  -ASFR4=0200h-021Fh -ASFR5=0280h-029Fh -ASFR6=0300h-031Fh \
  -ASFR7=0380h-039Fh -ASFR8=0400h-041Fh -ASFR9=0480h-049Fh \
  -ASFR10=0500h-051Fh -ASFR11=0580h-059Fh -ASFR12=0600h-061Fh \
  -ASFR13=0680h-06EFh -ASFR14=0700h-076Fh -ASFR15=0780h-07EFh \
  -ASFR16=0800h-086Fh -ASFR17=0880h-08EFh -ASFR18=0900h-096Fh \
  -ASFR19=0980h-09EFh -ASFR20=0A00h-0A6Fh -ASFR21=0A80h-0AEFh \
  -ASFR22=0B00h-0B6Fh -ASFR23=0B80h-0BEFh -ASFR24=0C00h-0C6Fh \
  -ASFR25=0C80h-0CEFh -ASFR26=0D00h-0D6Fh -ASFR27=0D80h-0DEFh \
  -ASFR28=0E00h-0E6Fh -ASFR29=0E80h-0EEFh -ASFR30=0F00h-0F6Fh \
  -ASFR31=0F80h-0FEFh -preset_vec=00h,intentry,init,end_init -ppowerup=CODE \
  -pcinit=CODE -pfunctab=ENTRY -ACONFIG=08007h-0800Bh -pconfig=CONFIG \
  -DCONFIG=2 -AIDLOC=08000h-08003h -pidloc=IDLOC -DIDLOC=2 \
  -AEEDATA=00h-0FFh/0F000h -peeprom_data=EEDATA -DEEDATA=2 -DCODE=2 \
  -DSTRCODE=2 -DSTRING=2 -DCONST=2 -DENTRY=2 -k \
  C:\Users\user\AppData\Local\Temp\s4b0.o \
  dist/default/production\Design_Project_V3.X.production.o 

Object code version is 3.11

Machine type is 16F18855



                Name                               Link     Load   Length Selector   Space Scale
C:\Users\user\AppData\Local\Temp\s4b0.o
                end_init                              2        2        2        0       0
                reset_vec                             0        0        2        0       0
                config                             8007     8007        5    1000E       0
dist/default/production\Design_Project_V3.X.production.o
                cinit                               7C6      7C6       3A      F8C       0
                text24                              E4E      E4E       11     1C9C       0
                text23                               A5       A5       63      14A       0
                text22                              FAA      FAA       56     1F54       0
                text21                              108      108       63      210       0
                text20                              F66      F66       44     1ECC       0
                text19                              E3E      E3E       10     1C7C       0
                text18                              EFA      EFA       34     1DF4       0
                text17                              ECE      ECE       2C     1D9C       0
                text16                              2BA      2BA       85      574       0
                text15                              476      476       AE      8EC       0
                text14                              16B      16B       63      2D6       0
                text13                               4F       4F       56       9E       0
                text12                              E1C      E1C        A     1C38       0
                text11                              E75      E75       1B     1CEA       0
                text10                              1CE      1CE       76      39C       0
                text9                               3DA      3DA       9C      7B4       0
                text8                               524      524       C1      A48       0
                text7                               E5F      E5F       16     1CBE       0
                text6                               E13      E13        9     1C26       0
                text5                               EAC      EAC       22     1D58       0
                text4                               E0B      E0B        8     1C16       0
                text3                               E26      E26        C     1C4C       0
                text2                               244      244       76      488       0
                text1                               33F      33F       9B      67E       0
                maintext                            6B7      6B7      10F      D6E       0
                cstackBANK0                          20       20       31       20       1
                cstackCOMMON                         70       70        E       70       1
                inittext                            E32      E32        C     1C64       0
                dataBANK2                           120      120       46      120       1
                dataBANK1                            A0       A0       38       A0       1
                dataBANK0                            51       51       1C       20       1
                idataBIGRAM                         5E5      5E5       D2      BCA       0
                idataBANK2                            9        9       46       12       0
                idataBANK1                          F2E      F2E       38     1E5C       0
                idataBANK0                          E90      E90       1C     1D20       0

TOTAL           Name                               Link     Load   Length     Space
        CLASS   STACK          

        CLASS   CODE           
                end_init                              2        2        2         0
                cinit                               7C6      7C6       3A         0
                reset_vec                             0        0        2         0
                text24                              E4E      E4E       11         0
                text23                               A5       A5       63         0
                text22                              FAA      FAA       56         0
                text21                              108      108       63         0
                text20                              F66      F66       44         0
                text19                              E3E      E3E       10         0
                text18                              EFA      EFA       34         0
                text17                              ECE      ECE       2C         0
                text16                              2BA      2BA       85         0
                text15                              476      476       AE         0
                text14                              16B      16B       63         0
                text13                               4F       4F       56         0
                text12                              E1C      E1C        A         0
                text11                              E75      E75       1B         0
                text10                              1CE      1CE       76         0
                text9                               3DA      3DA       9C         0
                text8                               524      524       C1         0
                text7                               E5F      E5F       16         0
                text6                               E13      E13        9         0
                text5                               EAC      EAC       22         0
                text4                               E0B      E0B        8         0
                text3                               E26      E26        C         0
                text2                               244      244       76         0
                text1                               33F      33F       9B         0
                maintext                            6B7      6B7      10F         0
                inittext                            E32      E32        C         0
                idataBIGRAM                         5E5      5E5       D2         0
                idataBANK2                            9        9       46         0
                idataBANK1                          F2E      F2E       38         0
                idataBANK0                          E90      E90       1C         0

        CLASS   STRCODE        

        CLASS   STRING         

        CLASS   CONST          

        CLASS   ENTRY          

        CLASS   COMMON         
                cstackCOMMON                         70       70        E         1

        CLASS   BANK0          
                cstackBANK0                          20       20       31         1
                dataBANK0                            51       51       1C         1

        CLASS   BANK1          
                dataBANK1                            A0       A0       38         1

        CLASS   BANK2          
                dataBANK2                           120      120       46         1

        CLASS   BANK3          

        CLASS   BANK4          

        CLASS   BANK5          

        CLASS   BANK6          

        CLASS   BANK7          

        CLASS   BANK8          

        CLASS   BANK9          

        CLASS   BANK10         

        CLASS   BANK11         

        CLASS   BANK12         

        CLASS   BIGRAM         

        CLASS   RAM            

        CLASS   ABS1           
                abs_s1                               7E       7E        2         1
                abs_s1                              4EE      4EE        2         1
                abs_s1                              520      520       50         1
                abs_s1                              5A0      5A0       50         1
                abs_s1                              620      620       30         1
                abs_s1                             231E     231E        0         1
                abs_s1                             2387     2387        0         1

        CLASS   SFR0           

        CLASS   SFR1           

        CLASS   SFR2           

        CLASS   SFR3           

        CLASS   SFR4           

        CLASS   SFR5           

        CLASS   SFR6           

        CLASS   SFR7           

        CLASS   SFR8           

        CLASS   SFR9           

        CLASS   SFR10          

        CLASS   SFR11          

        CLASS   SFR12          

        CLASS   SFR13          

        CLASS   SFR14          

        CLASS   SFR15          

        CLASS   SFR16          

        CLASS   SFR17          

        CLASS   SFR18          

        CLASS   SFR19          

        CLASS   SFR20          

        CLASS   SFR21          

        CLASS   SFR22          

        CLASS   SFR23          

        CLASS   SFR24          

        CLASS   SFR25          

        CLASS   SFR26          

        CLASS   SFR27          

        CLASS   SFR28          

        CLASS   SFR29          

        CLASS   SFR30          

        CLASS   SFR31          

        CLASS   CONFIG         
                config                             8007     8007        5         0

        CLASS   IDLOC          

        CLASS   EEDATA         

        CLASS   BANK31         

        CLASS   BANK30         

        CLASS   BANK29         

        CLASS   BANK28         

        CLASS   BANK27         

        CLASS   BANK26         

        CLASS   BANK25         

        CLASS   BANK24         

        CLASS   BANK23         

        CLASS   BANK22         

        CLASS   BANK21         

        CLASS   BANK20         

        CLASS   BANK19         

        CLASS   BANK18         

        CLASS   BANK17         

        CLASS   BANK16         

        CLASS   BANK15         

        CLASS   BANK14         

        CLASS   BANK13         



SEGMENTS        Name                           Load    Length   Top    Selector   Space  Class     Delta

                reset_vec                      000000  000004  000004         0       0  CODE        2
                idataBANK2                     000009  000046  00004F        12       0  CODE        2
                cstackBANK0                    000020  00004D  00006D        20       1  BANK0       1
                cstackCOMMON                   000070  00000E  00007E        70       1  COMMON      1
                text13                         00004F  000056  0000A5        9E       0  CODE        2
                dataBANK1                      0000A0  000038  0000D8        A0       1  BANK1       1
                dataBANK2                      000120  000046  000166       120       1  BANK2       1
                text23                         0000A5  000063  000108       14A       0  CODE        2
                text21                         000108  000063  00016B       210       0  CODE        2
                text14                         00016B  000063  0001CE       2D6       0  CODE        2
                text10                         0001CE  000076  000244       39C       0  CODE        2
                text2                          000244  000076  0002BA       488       0  CODE        2
                text16                         0002BA  000085  00033F       574       0  CODE        2
                text1                          00033F  00009B  0003DA       67E       0  CODE        2
                text9                          0003DA  00009C  000476       7B4       0  CODE        2
                text15                         000476  0000AE  000524       8EC       0  CODE        2
                text8                          000524  0000C1  0005E5       A48       0  CODE        2
                idataBIGRAM                    0005E5  0000D2  0006B7       BCA       0  CODE        2
                maintext                       0006B7  00010F  0007C6       D6E       0  CODE        2
                cinit                          0007C6  00003A  000800       F8C       0  CODE        2
                text4                          000E0B  000008  000E13      1C16       0  CODE        2
                text6                          000E13  000009  000E1C      1C26       0  CODE        2
                text12                         000E1C  00000A  000E26      1C38       0  CODE        2
                text3                          000E26  00000C  000E32      1C4C       0  CODE        2
                inittext                       000E32  00000C  000E3E      1C64       0  CODE        2
                text19                         000E3E  000010  000E4E      1C7C       0  CODE        2
                text24                         000E4E  000011  000E5F      1C9C       0  CODE        2
                text7                          000E5F  000016  000E75      1CBE       0  CODE        2
                text11                         000E75  00001B  000E90      1CEA       0  CODE        2
                idataBANK0                     000E90  00001C  000EAC      1D20       0  CODE        2
                text5                          000EAC  000022  000ECE      1D58       0  CODE        2
                text17                         000ECE  00002C  000EFA      1D9C       0  CODE        2
                text18                         000EFA  000034  000F2E      1DF4       0  CODE        2
                idataBANK1                     000F2E  000038  000F66      1E5C       0  CODE        2
                text20                         000F66  000044  000FAA      1ECC       0  CODE        2
                text22                         000FAA  000056  001000      1F54       0  CODE        2
                config                         008007  000005  00800C     1000E       0  CONFIG      2


UNUSED ADDRESS RANGES

        Name                Unused          Largest block    Delta
        BANK0            0006D-0006F               3           1
        BANK1            000D8-000EF              18           1
        BANK2            00166-0016F               A           1
        BANK3            001A0-001EF              50           1
        BANK4            00220-0026F              50           1
        BANK5            002A0-002EF              50           1
        BANK6            00320-0036F              50           1
        BANK7            003A0-003EF              50           1
        BANK8            00420-0046F              50           1
        BANK9            004A0-004ED              4E           1
        BIGRAM           02000-023EF             3F0           1
        CODE             00004-00008               5           2
                         00800-00E0A             60B
                         01000-01FFF             800
        CONST            00004-00008               5           2
                         00800-00E0A             100
                         01000-01FFF             100
        EEDATA           0F000-0F0FF             100           2
        ENTRY            00004-00008               5           2
                         00800-00E0A             100
                         01000-01FFF             100
        IDLOC            08000-08003               4           2
        RAM              0006D-0006F               3           1
                         000D8-000EF              18
                         00166-0016F               A
                         001A0-001EF              50
                         00220-0026F              50
                         002A0-002EF              50
                         00320-0036F              50
                         003A0-003EF              50
                         00420-0046F              50
                         004A0-004ED              4E
        SFR0             00000-0001F              20           1
        SFR1             00080-0009F              20           1
        SFR10            00500-0051F              20           1
        SFR11            00580-0059F              20           1
        SFR12            00600-0061F              20           1
        SFR13            00680-006EF              70           1
        SFR14            00700-0076F              70           1
        SFR15            00780-007EF              70           1
        SFR16            00800-0086F              70           1
        SFR17            00880-008EF              70           1
        SFR18            00900-0096F              70           1
        SFR19            00980-009EF              70           1
        SFR2             00100-0011F              20           1
        SFR20            00A00-00A6F              70           1
        SFR21            00A80-00AEF              70           1
        SFR22            00B00-00B6F              70           1
        SFR23            00B80-00BEF              70           1
        SFR24            00C00-00C6F              70           1
        SFR25            00C80-00CEF              70           1
        SFR26            00D00-00D6F              70           1
        SFR27            00D80-00DEF              70           1
        SFR28            00E00-00E6F              70           1
        SFR29            00E80-00EEF              70           1
        SFR3             00180-0019F              20           1
        SFR30            00F00-00F6F              70           1
        SFR31            00F80-00FEF              70           1
        SFR4             00200-0021F              20           1
        SFR5             00280-0029F              20           1
        SFR6             00300-0031F              20           1
        SFR7             00380-0039F              20           1
        SFR8             00400-0041F              20           1
        SFR9             00480-0049F              20           1
        STACK            020E6-0231D             238           1
        STRCODE          00004-00008               5           2
                         00800-00E0A             60B
                         01000-01FFF            1000
        STRING           00004-00008               5           2
                         00800-00E0A             100
                         01000-01FFF             100

                                  Symbol Table

?_ADCC_GetSingleConversion         cstackCOMMON 00070
?___lwdiv                          cstackCOMMON 00074
?___lwmod                          cstackCOMMON 00074
?___wmul                           cstackCOMMON 00070
ADCC_GetSingleConversion@channel   cstackCOMMON 00073
DenyShow@p                         cstackCOMMON 00077
DenyShow@value                     cstackCOMMON 00076
DisplayDeny@count                  cstackCOMMON 00079
DisplayLock@count                  cstackCOMMON 00079
LockShow@p                         cstackCOMMON 00077
LockShow@value                     cstackCOMMON 00076
NewShow@p                          cstackCOMMON 0007B
NewShow@value                      cstackCOMMON 0007A
OpenShow@p                         cstackCOMMON 00077
OpenShow@value                     cstackCOMMON 00076
RunningADCC@combo1                 cstackBANK0  00021
RunningADCC@combo2                 cstackBANK0  00022
RunningADCC@combo3                 cstackBANK0  00023
RunningADCC@combo4                 cstackBANK0  00024
RunningADCC@count                  cstackBANK0  00025
RunningADCC@digit                  cstackCOMMON 0007D
RunningADCC@running                cstackBANK0  00029
RunningADCC@tens                   cstackBANK0  00020
RunningADCC@value                  cstackBANK0  00027
RunningNew@count                   cstackBANK0  00030
RunningNew@digit                   cstackBANK0  00032
RunningNew@num1                    cstackBANK0  00027
RunningNew@num2                    cstackBANK0  00028
RunningNew@num3                    cstackBANK0  00029
RunningNew@num4                    cstackBANK0  0002A
RunningNew@tens                    cstackBANK0  00026
RunningNew@value                   cstackBANK0  0002B
RunningNew@working                 cstackBANK0  0002D
ScrollSet@count                    cstackBANK0  00020
ScrollSet@scrl_len                 cstackBANK0  00024
ScrollSet@scrl_speed               cstackBANK0  00022
Scrollnew@count                    cstackBANK0  00020
Scrollnew@scrl_len                 cstackBANK0  00024
Scrollnew@scrl_speed               cstackBANK0  00022
SetShow@p                          cstackCOMMON 0007B
SetShow@value                      cstackCOMMON 0007A
_ADACCH                            (abs)        00091
_ADACCL                            (abs)        00090
_ADACQ                             (abs)        0009D
_ADACT                             (abs)        00099
_ADCAP                             (abs)        0009B
_ADCC_GetSingleConversion          text19       00E3E
_ADCC_Initialize                   text7        00E5F
_ADCLK                             (abs)        00098
_ADCNT                             (abs)        0010C
_ADCON0                            (abs)        00093
_ADCON0bits                        (abs)        00093
_ADCON1                            (abs)        00094
_ADCON1bits                        (abs)        00094
_ADCON2                            (abs)        00095
_ADCON2bits                        (abs)        00095
_ADCON3                            (abs)        00096
_ADCON3bits                        (abs)        00096
_ADERRH                            (abs)        00117
_ADERRL                            (abs)        00116
_ADFLTRH                           (abs)        00115
_ADFLTRL                           (abs)        00114
_ADLTHH                            (abs)        0010F
_ADLTHL                            (abs)        0010E
_ADPCH                             (abs)        0009E
_ADPRE                             (abs)        0009C
_ADPREVH                           (abs)        0008F
_ADPREVL                           (abs)        0008E
_ADREF                             (abs)        0009A
_ADRESH                            (abs)        0008D
_ADRESL                            (abs)        0008C
_ADRPT                             (abs)        0010D
_ADSTAT                            (abs)        00097
_ADSTATbits                        (abs)        00097
_ADSTPTH                           (abs)        00113
_ADSTPTL                           (abs)        00112
_ADUTHH                            (abs)        00111
_ADUTHL                            (abs)        00110
_ANSELA                            (abs)        00F38
_ANSELB                            (abs)        00F43
_ANSELC                            (abs)        00F4E
_Deny                              dataBANK1    000A0
_DenyShow                          text23       000A5
_DisplayDeny                       text22       00FAA
_DisplayLock                       text13       0004F
_DisplayOpen                       text20       00F66
_LATA                              (abs)        00016
_LATAbits                          (abs)        00016
_LATB                              (abs)        00017
_LATBbits                          (abs)        00017
_LATC                              (abs)        00018
_LATCbits                          (abs)        00018
_Lock                              dataBANK0    00051
_LockShow                          text14       0016B
_New                               (abs)        02387
_NewShow                           text2        00244
_ODCONA                            (abs)        00F3A
_ODCONB                            (abs)        00F45
_ODCONC                            (abs)        00F50
_OSCCON1                           (abs)        0088D
_OSCCON3                           (abs)        0088F
_OSCEN                             (abs)        00891
_OSCFRQ                            (abs)        00893
_OSCILLATOR_Initialize             text6        00E13
_OSCTUNE                           (abs)        00892
_Open                              dataBANK1    000BC
_OpenShow                          text21       00108
_PIN_MANAGER_Initialize            text5        00EAC
_PMD0                              (abs)        00796
_PMD1                              (abs)        00797
_PMD2                              (abs)        00798
_PMD3                              (abs)        00799
_PMD4                              (abs)        0079A
_PMD5                              (abs)        0079B
_PMD_Initialize                    text4        00E0B
_PORTAbits                         (abs)        0000C
_Reset                             text12       00E1C
_RunningADCC                       text15       00476
_RunningNew                        text8        00524
_SLRCONA                           (abs)        00F3B
_SLRCONB                           (abs)        00F46
_SLRCONC                           (abs)        00F51
_SYSTEM_Initialize                 text3        00E26
_ScrollSet                         text9        003DA
_Scrollnew                         text1        0033F
_Set                               (abs)        0231E
_SetShow                           text10       001CE
_TRISA                             (abs)        00011
_TRISB                             (abs)        00012
_TRISC                             (abs)        00013
_WPUA                              (abs)        00F39
_WPUB                              (abs)        00F44
_WPUC                              (abs)        00F4F
_WPUE                              (abs)        00F65
__CFG_BOREN$ON                     (abs)        00000
__CFG_BORV$LO                      (abs)        00000
__CFG_CLKOUTEN$OFF                 (abs)        00000
__CFG_CP$OFF                       (abs)        00000
__CFG_CPD$OFF                      (abs)        00000
__CFG_CSWEN$ON                     (abs)        00000
__CFG_DEBUG$OFF                    (abs)        00000
__CFG_FCMEN$ON                     (abs)        00000
__CFG_FEXTOSC$OFF                  (abs)        00000
__CFG_LPBOREN$OFF                  (abs)        00000
__CFG_LVP$ON                       (abs)        00000
__CFG_MCLRE$ON                     (abs)        00000
__CFG_PPS1WAY$ON                   (abs)        00000
__CFG_PWRTE$OFF                    (abs)        00000
__CFG_RSTOSC$HFINT1                (abs)        00000
__CFG_SCANE$available              (abs)        00000
__CFG_STVREN$ON                    (abs)        00000
__CFG_WDTCCS$SC                    (abs)        00000
__CFG_WDTCPS$WDTCPS_31             (abs)        00000
__CFG_WDTCWS$WDTCWS_7              (abs)        00000
__CFG_WDTE$OFF                     (abs)        00000
__CFG_WRT$OFF                      (abs)        00000
__CFG_ZCD$OFF                      (abs)        00000
__Habs1                            abs1         00000
__Hbank0                           bank0        00000
__Hbank1                           bank1        00000
__Hbank10                          bank10       00000
__Hbank11                          bank11       00000
__Hbank12                          bank12       00000
__Hbank13                          bank13       00000
__Hbank14                          bank14       00000
__Hbank15                          bank15       00000
__Hbank16                          bank16       00000
__Hbank17                          bank17       00000
__Hbank18                          bank18       00000
__Hbank19                          bank19       00000
__Hbank2                           bank2        00000
__Hbank20                          bank20       00000
__Hbank21                          bank21       00000
__Hbank22                          bank22       00000
__Hbank23                          bank23       00000
__Hbank24                          bank24       00000
__Hbank25                          bank25       00000
__Hbank26                          bank26       00000
__Hbank27                          bank27       00000
__Hbank28                          bank28       00000
__Hbank29                          bank29       00000
__Hbank3                           bank3        00000
__Hbank30                          bank30       00000
__Hbank31                          bank31       00000
__Hbank4                           bank4        00000
__Hbank5                           bank5        00000
__Hbank6                           bank6        00000
__Hbank7                           bank7        00000
__Hbank8                           bank8        00000
__Hbank9                           bank9        00000
__Hbigram                          bigram       00000
__Hcinit                           cinit        00800
__Hclrtext                         clrtext      00000
__Hcode                            code         00000
__Hcommon                          common       00000
__Hconfig                          config       0800C
__HcstackBANK0                     cstackBANK0  00000
__HcstackCOMMON                    cstackCOMMON 00000
__HdataBANK0                       dataBANK0    00000
__HdataBANK1                       dataBANK1    00000
__HdataBANK2                       dataBANK2    00000
__HdataBIGRAM                      dataBIGRAM   00000
__Heeprom_data                     eeprom_data  00000
__Hend_init                        end_init     00004
__Hfunctab                         functab      00000
__HidataBANK0                      idataBANK0   00000
__HidataBANK1                      idataBANK1   00000
__HidataBANK2                      idataBANK2   00000
__HidataBIGRAM                     idataBIGRAM  00000
__Hidloc                           idloc        00000
__Hinit                            init         00002
__Hinittext                        inittext     00000
__Hintentry                        intentry     00002
__Hmaintext                        maintext     00000
__Hpowerup                         powerup      00000
__Hram                             ram          00000
__Hreset_vec                       reset_vec    00002
__Hsfr0                            sfr0         00000
__Hsfr1                            sfr1         00000
__Hsfr10                           sfr10        00000
__Hsfr11                           sfr11        00000
__Hsfr12                           sfr12        00000
__Hsfr13                           sfr13        00000
__Hsfr14                           sfr14        00000
__Hsfr15                           sfr15        00000
__Hsfr16                           sfr16        00000
__Hsfr17                           sfr17        00000
__Hsfr18                           sfr18        00000
__Hsfr19                           sfr19        00000
__Hsfr2                            sfr2         00000
__Hsfr20                           sfr20        00000
__Hsfr21                           sfr21        00000
__Hsfr22                           sfr22        00000
__Hsfr23                           sfr23        00000
__Hsfr24                           sfr24        00000
__Hsfr25                           sfr25        00000
__Hsfr26                           sfr26        00000
__Hsfr27                           sfr27        00000
__Hsfr28                           sfr28        00000
__Hsfr29                           sfr29        00000
__Hsfr3                            sfr3         00000
__Hsfr30                           sfr30        00000
__Hsfr31                           sfr31        00000
__Hsfr4                            sfr4         00000
__Hsfr5                            sfr5         00000
__Hsfr6                            sfr6         00000
__Hsfr7                            sfr7         00000
__Hsfr8                            sfr8         00000
__Hsfr9                            sfr9         00000
__Hspace_0                         (abs)        0800C
__Hspace_1                         (abs)        00166
__Hspace_2                         (abs)        00000
__Hspace_3                         (abs)        00000
__Hstack                           stack        00000
__Hstrings                         strings      00000
__Htext                            text         00000
__Labs1                            abs1         00000
__Lbank0                           bank0        00000
__Lbank1                           bank1        00000
__Lbank10                          bank10       00000
__Lbank11                          bank11       00000
__Lbank12                          bank12       00000
__Lbank13                          bank13       00000
__Lbank14                          bank14       00000
__Lbank15                          bank15       00000
__Lbank16                          bank16       00000
__Lbank17                          bank17       00000
__Lbank18                          bank18       00000
__Lbank19                          bank19       00000
__Lbank2                           bank2        00000
__Lbank20                          bank20       00000
__Lbank21                          bank21       00000
__Lbank22                          bank22       00000
__Lbank23                          bank23       00000
__Lbank24                          bank24       00000
__Lbank25                          bank25       00000
__Lbank26                          bank26       00000
__Lbank27                          bank27       00000
__Lbank28                          bank28       00000
__Lbank29                          bank29       00000
__Lbank3                           bank3        00000
__Lbank30                          bank30       00000
__Lbank31                          bank31       00000
__Lbank4                           bank4        00000
__Lbank5                           bank5        00000
__Lbank6                           bank6        00000
__Lbank7                           bank7        00000
__Lbank8                           bank8        00000
__Lbank9                           bank9        00000
__Lbigram                          bigram       00000
__Lcinit                           cinit        007C6
__Lclrtext                         clrtext      00000
__Lcode                            code         00000
__Lcommon                          common       00000
__Lconfig                          config       08007
__LcstackBANK0                     cstackBANK0  00000
__LcstackCOMMON                    cstackCOMMON 00000
__LdataBANK0                       dataBANK0    00000
__LdataBANK1                       dataBANK1    00000
__LdataBANK2                       dataBANK2    00000
__LdataBIGRAM                      dataBIGRAM   00000
__Leeprom_data                     eeprom_data  00000
__Lend_init                        end_init     00002
__Lfunctab                         functab      00000
__LidataBANK0                      idataBANK0   00000
__LidataBANK1                      idataBANK1   00000
__LidataBANK2                      idataBANK2   00000
__LidataBIGRAM                     idataBIGRAM  00000
__Lidloc                           idloc        00000
__Linit                            init         00002
__Linittext                        inittext     00000
__Lintentry                        intentry     00002
__Lmaintext                        maintext     00000
__Lpowerup                         powerup      00000
__Lram                             ram          00000
__Lreset_vec                       reset_vec    00000
__Lsfr0                            sfr0         00000
__Lsfr1                            sfr1         00000
__Lsfr10                           sfr10        00000
__Lsfr11                           sfr11        00000
__Lsfr12                           sfr12        00000
__Lsfr13                           sfr13        00000
__Lsfr14                           sfr14        00000
__Lsfr15                           sfr15        00000
__Lsfr16                           sfr16        00000
__Lsfr17                           sfr17        00000
__Lsfr18                           sfr18        00000
__Lsfr19                           sfr19        00000
__Lsfr2                            sfr2         00000
__Lsfr20                           sfr20        00000
__Lsfr21                           sfr21        00000
__Lsfr22                           sfr22        00000
__Lsfr23                           sfr23        00000
__Lsfr24                           sfr24        00000
__Lsfr25                           sfr25        00000
__Lsfr26                           sfr26        00000
__Lsfr27                           sfr27        00000
__Lsfr28                           sfr28        00000
__Lsfr29                           sfr29        00000
__Lsfr3                            sfr3         00000
__Lsfr30                           sfr30        00000
__Lsfr31                           sfr31        00000
__Lsfr4                            sfr4         00000
__Lsfr5                            sfr5         00000
__Lsfr6                            sfr6         00000
__Lsfr7                            sfr7         00000
__Lsfr8                            sfr8         00000
__Lsfr9                            sfr9         00000
__Lspace_0                         (abs)        00000
__Lspace_1                         (abs)        00000
__Lspace_2                         (abs)        00000
__Lspace_3                         (abs)        00000
__Lstack                           stack        00000
__Lstrings                         strings      00000
__Ltext                            text         00000
__S0                               (abs)        0800C
__S1                               (abs)        00166
__S2                               (abs)        00000
__S3                               (abs)        00000
___bmul                            text24       00E4E
___bmul@multiplicand               cstackCOMMON 00070
___bmul@multiplier                 cstackCOMMON 00073
___bmul@product                    cstackCOMMON 00072
___int_sp                          stack        00000
___latbits                         (abs)        00002
___lwdiv                           text18       00EFA
___lwdiv@counter                   cstackCOMMON 0007B
___lwdiv@dividend                  cstackCOMMON 00076
___lwdiv@divisor                   cstackCOMMON 00074
___lwdiv@quotient                  cstackCOMMON 00079
___lwmod                           text17       00ECE
___lwmod@counter                   cstackCOMMON 00079
___lwmod@dividend                  cstackCOMMON 00076
___lwmod@divisor                   cstackCOMMON 00074
___sp                              stack        00000
___stackhi                         (abs)        0231D
___stacklo                         (abs)        020E6
___wmul                            text11       00E75
___wmul@multiplicand               cstackCOMMON 00072
___wmul@multiplier                 cstackCOMMON 00070
___wmul@product                    cstackCOMMON 00074
__end_of_ADCC_GetSingleConversion  text19       00E4E
__end_of_ADCC_Initialize           text7        00E75
__end_of_DenyShow                  text23       00108
__end_of_DisplayDeny               text22       01000
__end_of_DisplayLock               text13       000A5
__end_of_DisplayOpen               text20       00FAA
__end_of_LockShow                  text14       001CE
__end_of_NewShow                   text2        002BA
__end_of_OSCILLATOR_Initialize     text6        00E1C
__end_of_OpenShow                  text21       0016B
__end_of_PIN_MANAGER_Initialize    text5        00ECE
__end_of_PMD_Initialize            text4        00E13
__end_of_Reset                     text12       00E26
__end_of_RunningADCC               text15       00524
__end_of_RunningNew                text8        005E5
__end_of_SYSTEM_Initialize         text3        00E32
__end_of_ScrollSet                 text9        00476
__end_of_Scrollnew                 text1        003DA
__end_of_SetShow                   text10       00244
__end_of___bmul                    text24       00E5F
__end_of___lwdiv                   text18       00F2E
__end_of___lwmod                   text17       00EFA
__end_of___wmul                    text11       00E90
__end_of__initialization           cinit        007FD
__end_of_digitShow                 text16       0033F
__end_of_main                      maintext     007C6
__initialization                   cinit        007C6
__pcstackBANK0                     cstackBANK0  00020
__pcstackCOMMON                    cstackCOMMON 00070
__pdataBANK0                       dataBANK0    00051
__pdataBANK1                       dataBANK1    000A0
__pdataBANK2                       dataBANK2    00120
__pdataBIGRAM                      (abs)        0231E
__pidataBANK0                      idataBANK0   00E90
__pidataBANK1                      idataBANK1   00F2E
__pidataBANK2                      idataBANK2   00009
__pidataBIGRAM                     idataBIGRAM  005E5
__pmaintext                        maintext     006B7
__ptext1                           text1        0033F
__ptext10                          text10       001CE
__ptext11                          text11       00E75
__ptext12                          text12       00E1C
__ptext13                          text13       0004F
__ptext14                          text14       0016B
__ptext15                          text15       00476
__ptext16                          text16       002BA
__ptext17                          text17       00ECE
__ptext18                          text18       00EFA
__ptext19                          text19       00E3E
__ptext2                           text2        00244
__ptext20                          text20       00F66
__ptext21                          text21       00108
__ptext22                          text22       00FAA
__ptext23                          text23       000A5
__ptext24                          text24       00E4E
__ptext3                           text3        00E26
__ptext4                           text4        00E0B
__ptext5                           text5        00EAC
__ptext6                           text6        00E13
__ptext7                           text7        00E5F
__ptext8                           text8        00524
__ptext9                           text9        003DA
__size_of_ADCC_GetSingleConversion (abs)        00000
__size_of_ADCC_Initialize          (abs)        00000
__size_of_DenyShow                 (abs)        00000
__size_of_DisplayDeny              (abs)        00000
__size_of_DisplayLock              (abs)        00000
__size_of_DisplayOpen              (abs)        00000
__size_of_LockShow                 (abs)        00000
__size_of_NewShow                  (abs)        00000
__size_of_OSCILLATOR_Initialize    (abs)        00000
__size_of_OpenShow                 (abs)        00000
__size_of_PIN_MANAGER_Initialize   (abs)        00000
__size_of_PMD_Initialize           (abs)        00000
__size_of_Reset                    (abs)        00000
__size_of_RunningADCC              (abs)        00000
__size_of_RunningNew               (abs)        00000
__size_of_SYSTEM_Initialize        (abs)        00000
__size_of_ScrollSet                (abs)        00000
__size_of_Scrollnew                (abs)        00000
__size_of_SetShow                  (abs)        00000
__size_of___bmul                   (abs)        00000
__size_of___lwdiv                  (abs)        00000
__size_of___lwmod                  (abs)        00000
__size_of___wmul                   (abs)        00000
__size_of_digitShow                (abs)        00000
__size_of_main                     (abs)        00000
_digitShow                         text16       002BA
_main                              maintext     006B7
_matrix                            dataBANK2    00120
btemp                              (abs)        0007E
digitShow@p                        cstackCOMMON 00077
digitShow@value                    cstackCOMMON 00076
end_of_initialization              cinit        007FD
init_ram                           inittext     00E32
intlevel0                          functab      00000
intlevel1                          functab      00000
intlevel2                          functab      00000
intlevel3                          functab      00000
intlevel4                          functab      00000
intlevel5                          functab      00000
main@combo1                        cstackBANK0  00045
main@combo2                        cstackBANK0  00047
main@combo3                        cstackBANK0  00049
main@combo4                        cstackBANK0  0004B
main@digit                         cstackBANK0  0004D
main@num1                          cstackBANK0  0003A
main@num2                          cstackBANK0  0003C
main@num3                          cstackBANK0  0003E
main@num4                          cstackBANK0  00040
main@running                       cstackBANK0  00042
main@tens                          cstackBANK0  0004E
main@value                         cstackBANK0  0004F
main@working                       cstackBANK0  00039
reset_vec                          reset_vec    00000
start                              init         00002
start_initialization               cinit        007C6
wtemp0                             (abs)        0007E


FUNCTION INFORMATION:

 *************** function _main *****************
 Defined at:
		line 84 in file "main.c"
 Parameters:    Size  Location     Type
		None
 Auto vars:     Size  Location     Type
  value           2   47[BANK0 ] int 
  combo4          2   43[BANK0 ] int 
  combo3          2   41[BANK0 ] int 
  combo2          2   39[BANK0 ] int 
  combo1          2   37[BANK0 ] int 
  count           2    0        int 
  num4            2   32[BANK0 ] int 
  num3            2   30[BANK0 ] int 
  num2            2   28[BANK0 ] int 
  num1            2   26[BANK0 ] int 
  tens            1   46[BANK0 ] unsigned char 
  digit           1   45[BANK0 ] unsigned char 
  running         1   34[BANK0 ] _Bool 
  working         1   25[BANK0 ] _Bool 
 Return value:  Size  Location     Type
                  1    wreg      void 
 Registers used:
		wreg, fsr0l, fsr0h, fsr1l, fsr1h, status,2, status,0, pclath, cstack
 Tracked objects:
		On entry : 
		On exit  : 
		Unchanged: 
 Data sizes:     COMMON   BANK0   BANK1   BANK2   BANK3   BANK4   BANK5   BANK6   BANK7   BANK8   BANK9  BANK10  BANK11  BANK12
      Params:         0       0       0       0       0       0       0       0       0       0       0       0       0       0
      Locals:         0      24       0       0       0       0       0       0       0       0       0       0       0       0
      Temps:          0       6       0       0       0       0       0       0       0       0       0       0       0       0
      Totals:         0      30       0       0       0       0       0       0       0       0       0       0       0       0
Total ram usage:       30 bytes
 Hardware stack levels required when called:    4
 This function calls:
		_ADCC_GetSingleConversion
		_DisplayDeny
		_DisplayLock
		_DisplayOpen
		_Reset
		_RunningADCC
		_RunningNew
		_SYSTEM_Initialize
		_Scrollnew
		___lwdiv
		___lwmod
 This function is called by:
		Startup code after reset
 This function uses a non-reentrant model


 *************** function _Scrollnew *****************
 Defined at:
		line 401 in file "main.c"
 Parameters:    Size  Location     Type
		None
 Auto vars:     Size  Location     Type
  scrl_len        2    4[BANK0 ] int 
  scrl_speed      2    2[BANK0 ] int 
  count           2    0[BANK0 ] int 
 Return value:  Size  Location     Type
                  1    wreg      void 
 Registers used:
		wreg, fsr1l, fsr1h, status,2, status,0, pclath, cstack
 Tracked objects:
		On entry : 
		On exit  : 
		Unchanged: 
 Data sizes:     COMMON   BANK0   BANK1   BANK2   BANK3   BANK4   BANK5   BANK6   BANK7   BANK8   BANK9  BANK10  BANK11  BANK12
      Params:         0       0       0       0       0       0       0       0       0       0       0       0       0       0
      Locals:         0       6       0       0       0       0       0       0       0       0       0       0       0       0
      Temps:          1       0       0       0       0       0       0       0       0       0       0       0       0       0
      Totals:         1       6       0       0       0       0       0       0       0       0       0       0       0       0
Total ram usage:        7 bytes
 Hardware stack levels used:    1
 Hardware stack levels required when called:    2
 This function calls:
		_NewShow
 This function is called by:
		_main
 This function uses a non-reentrant model


 *************** function _NewShow *****************
 Defined at:
		line 189 in file "main.c"
 Parameters:    Size  Location     Type
  value           1    wreg     unsigned char 
 Auto vars:     Size  Location     Type
  value           1   10[COMMON] unsigned char 
  p               2   11[COMMON] PTR unsigned char 
		 -> New(105), 
 Return value:  Size  Location     Type
                  1    wreg      void 
 Registers used:
		wreg, fsr1l, fsr1h, status,2, status,0, pclath, cstack
 Tracked objects:
		On entry : 
		On exit  : 
		Unchanged: 
 Data sizes:     COMMON   BANK0   BANK1   BANK2   BANK3   BANK4   BANK5   BANK6   BANK7   BANK8   BANK9  BANK10  BANK11  BANK12
      Params:         0       0       0       0       0       0       0       0       0       0       0       0       0       0
      Locals:         3       0       0       0       0       0       0       0       0       0       0       0       0       0
      Temps:          4       0       0       0       0       0       0       0       0       0       0       0       0       0
      Totals:         7       0       0       0       0       0       0       0       0       0       0       0       0       0
Total ram usage:        7 bytes
 Hardware stack levels used:    1
 Hardware stack levels required when called:    1
 This function calls:
		___wmul
 This function is called by:
		_Scrollnew
 This function uses a non-reentrant model


 *************** function _SYSTEM_Initialize *****************
 Defined at:
		line 50 in file "mcc_generated_files/mcc.c"
 Parameters:    Size  Location     Type
		None
 Auto vars:     Size  Location     Type
		None
 Return value:  Size  Location     Type
                  1    wreg      void 
 Registers used:
		wreg, status,2, status,0, pclath, cstack
 Tracked objects:
		On entry : 
		On exit  : 
		Unchanged: 
 Data sizes:     COMMON   BANK0   BANK1   BANK2   BANK3   BANK4   BANK5   BANK6   BANK7   BANK8   BANK9  BANK10  BANK11  BANK12
      Params:         0       0       0       0       0       0       0       0       0       0       0       0       0       0
      Locals:         0       0       0       0       0       0       0       0       0       0       0       0       0       0
      Temps:          0       0       0       0       0       0       0       0       0       0       0       0       0       0
      Totals:         0       0       0       0       0       0       0       0       0       0       0       0       0       0
Total ram usage:        0 bytes
 Hardware stack levels used:    1
 Hardware stack levels required when called:    1
 This function calls:
		_ADCC_Initialize
		_OSCILLATOR_Initialize
		_PIN_MANAGER_Initialize
		_PMD_Initialize
 This function is called by:
		_main
 This function uses a non-reentrant model


 *************** function _PMD_Initialize *****************
 Defined at:
		line 72 in file "mcc_generated_files/mcc.c"
 Parameters:    Size  Location     Type
		None
 Auto vars:     Size  Location     Type
		None
 Return value:  Size  Location     Type
                  1    wreg      void 
 Registers used:
		status,2
 Tracked objects:
		On entry : 
		On exit  : 
		Unchanged: 
 Data sizes:     COMMON   BANK0   BANK1   BANK2   BANK3   BANK4   BANK5   BANK6   BANK7   BANK8   BANK9  BANK10  BANK11  BANK12
      Params:         0       0       0       0       0       0       0       0       0       0       0       0       0       0
      Locals:         0       0       0       0       0       0       0       0       0       0       0       0       0       0
      Temps:          0       0       0       0       0       0       0       0       0       0       0       0       0       0
      Totals:         0       0       0       0       0       0       0       0       0       0       0       0       0       0
Total ram usage:        0 bytes
 Hardware stack levels used:    1
 This function calls:
		Nothing
 This function is called by:
		_SYSTEM_Initialize
 This function uses a non-reentrant model


 *************** function _PIN_MANAGER_Initialize *****************
 Defined at:
		line 55 in file "mcc_generated_files/pin_manager.c"
 Parameters:    Size  Location     Type
		None
 Auto vars:     Size  Location     Type
		None
 Return value:  Size  Location     Type
                  1    wreg      void 
 Registers used:
		wreg, status,2
 Tracked objects:
		On entry : 
		On exit  : 
		Unchanged: 
 Data sizes:     COMMON   BANK0   BANK1   BANK2   BANK3   BANK4   BANK5   BANK6   BANK7   BANK8   BANK9  BANK10  BANK11  BANK12
      Params:         0       0       0       0       0       0       0       0       0       0       0       0       0       0
      Locals:         0       0       0       0       0       0       0       0       0       0       0       0       0       0
      Temps:          0       0       0       0       0       0       0       0       0       0       0       0       0       0
      Totals:         0       0       0       0       0       0       0       0       0       0       0       0       0       0
Total ram usage:        0 bytes
 Hardware stack levels used:    1
 This function calls:
		Nothing
 This function is called by:
		_SYSTEM_Initialize
 This function uses a non-reentrant model


 *************** function _OSCILLATOR_Initialize *****************
 Defined at:
		line 58 in file "mcc_generated_files/mcc.c"
 Parameters:    Size  Location     Type
		None
 Auto vars:     Size  Location     Type
		None
 Return value:  Size  Location     Type
                  1    wreg      void 
 Registers used:
		wreg, status,2
 Tracked objects:
		On entry : 
		On exit  : 
		Unchanged: 
 Data sizes:     COMMON   BANK0   BANK1   BANK2   BANK3   BANK4   BANK5   BANK6   BANK7   BANK8   BANK9  BANK10  BANK11  BANK12
      Params:         0       0       0       0       0       0       0       0       0       0       0       0       0       0
      Locals:         0       0       0       0       0       0       0       0       0       0       0       0       0       0
      Temps:          0       0       0       0       0       0       0       0       0       0       0       0       0       0
      Totals:         0       0       0       0       0       0       0       0       0       0       0       0       0       0
Total ram usage:        0 bytes
 Hardware stack levels used:    1
 This function calls:
		Nothing
 This function is called by:
		_SYSTEM_Initialize
 This function uses a non-reentrant model


 *************** function _ADCC_Initialize *****************
 Defined at:
		line 63 in file "mcc_generated_files/adcc.c"
 Parameters:    Size  Location     Type
		None
 Auto vars:     Size  Location     Type
		None
 Return value:  Size  Location     Type
                  1    wreg      void 
 Registers used:
		wreg, status,2
 Tracked objects:
		On entry : 
		On exit  : 
		Unchanged: 
 Data sizes:     COMMON   BANK0   BANK1   BANK2   BANK3   BANK4   BANK5   BANK6   BANK7   BANK8   BANK9  BANK10  BANK11  BANK12
      Params:         0       0       0       0       0       0       0       0       0       0       0       0       0       0
      Locals:         0       0       0       0       0       0       0       0       0       0       0       0       0       0
      Temps:          0       0       0       0       0       0       0       0       0       0       0       0       0       0
      Totals:         0       0       0       0       0       0       0       0       0       0       0       0       0       0
Total ram usage:        0 bytes
 Hardware stack levels used:    1
 This function calls:
		Nothing
 This function is called by:
		_SYSTEM_Initialize
 This function uses a non-reentrant model


 *************** function _RunningNew *****************
 Defined at:
		line 265 in file "main.c"
 Parameters:    Size  Location     Type
  digit           1    wreg     unsigned char 
  tens            1    6[BANK0 ] unsigned char 
  num1            1    7[BANK0 ] PTR int 
		 -> main@num1(2), 
  num2            1    8[BANK0 ] PTR int 
		 -> main@num2(2), 
  num3            1    9[BANK0 ] PTR int 
		 -> main@num3(2), 
  num4            1   10[BANK0 ] PTR int 
		 -> main@num4(2), 
  value           2   11[BANK0 ] PTR int 
		 -> RAM(4096), 
  working         1   13[BANK0 ] _Bool 
 Auto vars:     Size  Location     Type
  digit           1   18[BANK0 ] unsigned char 
  count           2   16[BANK0 ] int 
 Return value:  Size  Location     Type
                  1    wreg      void 
 Registers used:
		wreg, fsr0l, fsr0h, fsr1l, fsr1h, status,2, status,0, pclath, cstack
 Tracked objects:
		On entry : 
		On exit  : 
		Unchanged: 
 Data sizes:     COMMON   BANK0   BANK1   BANK2   BANK3   BANK4   BANK5   BANK6   BANK7   BANK8   BANK9  BANK10  BANK11  BANK12
      Params:         0       8       0       0       0       0       0       0       0       0       0       0       0       0
      Locals:         0       3       0       0       0       0       0       0       0       0       0       0       0       0
      Temps:          0       2       0       0       0       0       0       0       0       0       0       0       0       0
      Totals:         0      13       0       0       0       0       0       0       0       0       0       0       0       0
Total ram usage:       13 bytes
 Hardware stack levels used:    1
 Hardware stack levels required when called:    3
 This function calls:
		_ADCC_GetSingleConversion
		_DisplayLock
		_Reset
		_ScrollSet
		___lwdiv
		___lwmod
		_digitShow
 This function is called by:
		_main
 This function uses a non-reentrant model


 *************** function _ScrollSet *****************
 Defined at:
		line 449 in file "main.c"
 Parameters:    Size  Location     Type
		None
 Auto vars:     Size  Location     Type
  scrl_len        2    4[BANK0 ] int 
  scrl_speed      2    2[BANK0 ] int 
  count           2    0[BANK0 ] int 
 Return value:  Size  Location     Type
                  1    wreg      void 
 Registers used:
		wreg, fsr1l, fsr1h, status,2, status,0, pclath, cstack
 Tracked objects:
		On entry : 
		On exit  : 
		Unchanged: 
 Data sizes:     COMMON   BANK0   BANK1   BANK2   BANK3   BANK4   BANK5   BANK6   BANK7   BANK8   BANK9  BANK10  BANK11  BANK12
      Params:         0       0       0       0       0       0       0       0       0       0       0       0       0       0
      Locals:         0       6       0       0       0       0       0       0       0       0       0       0       0       0
      Temps:          1       0       0       0       0       0       0       0       0       0       0       0       0       0
      Totals:         1       6       0       0       0       0       0       0       0       0       0       0       0       0
Total ram usage:        7 bytes
 Hardware stack levels used:    1
 Hardware stack levels required when called:    2
 This function calls:
		_SetShow
 This function is called by:
		_RunningNew
 This function uses a non-reentrant model


 *************** function _SetShow *****************
 Defined at:
		line 209 in file "main.c"
 Parameters:    Size  Location     Type
  value           1    wreg     unsigned char 
 Auto vars:     Size  Location     Type
  value           1   10[COMMON] unsigned char 
  p               2   11[COMMON] PTR unsigned char 
		 -> Set(105), 
 Return value:  Size  Location     Type
                  1    wreg      void 
 Registers used:
		wreg, fsr1l, fsr1h, status,2, status,0, pclath, cstack
 Tracked objects:
		On entry : 
		On exit  : 
		Unchanged: 
 Data sizes:     COMMON   BANK0   BANK1   BANK2   BANK3   BANK4   BANK5   BANK6   BANK7   BANK8   BANK9  BANK10  BANK11  BANK12
      Params:         0       0       0       0       0       0       0       0       0       0       0       0       0       0
      Locals:         3       0       0       0       0       0       0       0       0       0       0       0       0       0
      Temps:          4       0       0       0       0       0       0       0       0       0       0       0       0       0
      Totals:         7       0       0       0       0       0       0       0       0       0       0       0       0       0
Total ram usage:        7 bytes
 Hardware stack levels used:    1
 Hardware stack levels required when called:    1
 This function calls:
		___wmul
 This function is called by:
		_ScrollSet
 This function uses a non-reentrant model


 *************** function ___wmul *****************
 Defined at:
		line 15 in file "C:\Program Files (x86)\Microchip\xc8\v2.05\pic\sources\c99\common\Umul16.c"
 Parameters:    Size  Location     Type
  multiplier      2    0[COMMON] unsigned int 
  multiplicand    2    2[COMMON] unsigned int 
 Auto vars:     Size  Location     Type
  product         2    4[COMMON] unsigned int 
 Return value:  Size  Location     Type
                  2    0[COMMON] unsigned int 
 Registers used:
		wreg, status,2, status,0
 Tracked objects:
		On entry : 
		On exit  : 
		Unchanged: 
 Data sizes:     COMMON   BANK0   BANK1   BANK2   BANK3   BANK4   BANK5   BANK6   BANK7   BANK8   BANK9  BANK10  BANK11  BANK12
      Params:         4       0       0       0       0       0       0       0       0       0       0       0       0       0
      Locals:         2       0       0       0       0       0       0       0       0       0       0       0       0       0
      Temps:          0       0       0       0       0       0       0       0       0       0       0       0       0       0
      Totals:         6       0       0       0       0       0       0       0       0       0       0       0       0       0
Total ram usage:        6 bytes
 Hardware stack levels used:    1
 This function calls:
		Nothing
 This function is called by:
		_NewShow
		_SetShow
 This function uses a non-reentrant model


 *************** function _Reset *****************
 Defined at:
		line 147 in file "main.c"
 Parameters:    Size  Location     Type
		None
 Auto vars:     Size  Location     Type
		None
 Return value:  Size  Location     Type
                  1    wreg      void 
 Registers used:
		None
 Tracked objects:
		On entry : 
		On exit  : 
		Unchanged: 
 Data sizes:     COMMON   BANK0   BANK1   BANK2   BANK3   BANK4   BANK5   BANK6   BANK7   BANK8   BANK9  BANK10  BANK11  BANK12
      Params:         0       0       0       0       0       0       0       0       0       0       0       0       0       0
      Locals:         0       0       0       0       0       0       0       0       0       0       0       0       0       0
      Temps:          0       0       0       0       0       0       0       0       0       0       0       0       0       0
      Totals:         0       0       0       0       0       0       0       0       0       0       0       0       0       0
Total ram usage:        0 bytes
 Hardware stack levels used:    1
 This function calls:
		Nothing
 This function is called by:
		_main
		_RunningNew
 This function uses a non-reentrant model


 *************** function _DisplayLock *****************
 Defined at:
		line 340 in file "main.c"
 Parameters:    Size  Location     Type
		None
 Auto vars:     Size  Location     Type
  count           2    9[COMMON] int 
 Return value:  Size  Location     Type
                  1    wreg      void 
 Registers used:
		wreg, fsr1l, fsr1h, status,2, status,0, pclath, cstack
 Tracked objects:
		On entry : 
		On exit  : 
		Unchanged: 
 Data sizes:     COMMON   BANK0   BANK1   BANK2   BANK3   BANK4   BANK5   BANK6   BANK7   BANK8   BANK9  BANK10  BANK11  BANK12
      Params:         0       0       0       0       0       0       0       0       0       0       0       0       0       0
      Locals:         2       0       0       0       0       0       0       0       0       0       0       0       0       0
      Temps:          1       0       0       0       0       0       0       0       0       0       0       0       0       0
      Totals:         3       0       0       0       0       0       0       0       0       0       0       0       0       0
Total ram usage:        3 bytes
 Hardware stack levels used:    1
 Hardware stack levels required when called:    2
 This function calls:
		_LockShow
 This function is called by:
		_main
		_RunningNew
 This function uses a non-reentrant model


 *************** function _LockShow *****************
 Defined at:
		line 169 in file "main.c"
 Parameters:    Size  Location     Type
  value           1    wreg     unsigned char 
 Auto vars:     Size  Location     Type
  value           1    6[COMMON] unsigned char 
  p               1    7[COMMON] PTR unsigned char 
		 -> Lock(28), 
 Return value:  Size  Location     Type
                  1    wreg      void 
 Registers used:
		wreg, fsr1l, fsr1h, status,2, status,0, pclath, cstack
 Tracked objects:
		On entry : 
		On exit  : 
		Unchanged: 
 Data sizes:     COMMON   BANK0   BANK1   BANK2   BANK3   BANK4   BANK5   BANK6   BANK7   BANK8   BANK9  BANK10  BANK11  BANK12
      Params:         0       0       0       0       0       0       0       0       0       0       0       0       0       0
      Locals:         2       0       0       0       0       0       0       0       0       0       0       0       0       0
      Temps:          2       0       0       0       0       0       0       0       0       0       0       0       0       0
      Totals:         4       0       0       0       0       0       0       0       0       0       0       0       0       0
Total ram usage:        4 bytes
 Hardware stack levels used:    1
 Hardware stack levels required when called:    1
 This function calls:
		___bmul
 This function is called by:
		_DisplayLock
 This function uses a non-reentrant model


 *************** function _RunningADCC *****************
 Defined at:
		line 220 in file "main.c"
 Parameters:    Size  Location     Type
  digit           1    wreg     unsigned char 
  tens            1    0[BANK0 ] unsigned char 
  combo1          1    1[BANK0 ] PTR int 
		 -> main@combo1(2), 
  combo2          1    2[BANK0 ] PTR int 
		 -> main@combo2(2), 
  combo3          1    3[BANK0 ] PTR int 
		 -> main@combo3(2), 
  combo4          1    4[BANK0 ] PTR int 
		 -> main@combo4(2), 
  count           2    5[BANK0 ] int 
  value           2    7[BANK0 ] int 
  running         1    9[BANK0 ] _Bool 
 Auto vars:     Size  Location     Type
  digit           1   13[COMMON] unsigned char 
 Return value:  Size  Location     Type
                  1    wreg      void 
 Registers used:
		wreg, fsr0l, fsr0h, fsr1l, fsr1h, status,2, status,0, pclath, cstack
 Tracked objects:
		On entry : 
		On exit  : 
		Unchanged: 
 Data sizes:     COMMON   BANK0   BANK1   BANK2   BANK3   BANK4   BANK5   BANK6   BANK7   BANK8   BANK9  BANK10  BANK11  BANK12
      Params:         0      10       0       0       0       0       0       0       0       0       0       0       0       0
      Locals:         1       0       0       0       0       0       0       0       0       0       0       0       0       0
      Temps:          1       0       0       0       0       0       0       0       0       0       0       0       0       0
      Totals:         2      10       0       0       0       0       0       0       0       0       0       0       0       0
Total ram usage:       12 bytes
 Hardware stack levels used:    1
 Hardware stack levels required when called:    2
 This function calls:
		_ADCC_GetSingleConversion
		___lwdiv
		___lwmod
		_digitShow
 This function is called by:
		_main
 This function uses a non-reentrant model


 *************** function _digitShow *****************
 Defined at:
		line 199 in file "main.c"
 Parameters:    Size  Location     Type
  value           1    wreg     unsigned char 
 Auto vars:     Size  Location     Type
  value           1    6[COMMON] unsigned char 
  p               1    7[COMMON] PTR unsigned char 
		 -> matrix(70), 
 Return value:  Size  Location     Type
                  1    wreg      void 
 Registers used:
		wreg, fsr1l, fsr1h, status,2, status,0, pclath, cstack
 Tracked objects:
		On entry : 
		On exit  : 
		Unchanged: 
 Data sizes:     COMMON   BANK0   BANK1   BANK2   BANK3   BANK4   BANK5   BANK6   BANK7   BANK8   BANK9  BANK10  BANK11  BANK12
      Params:         0       0       0       0       0       0       0       0       0       0       0       0       0       0
      Locals:         2       0       0       0       0       0       0       0       0       0       0       0       0       0
      Temps:          2       0       0       0       0       0       0       0       0       0       0       0       0       0
      Totals:         4       0       0       0       0       0       0       0       0       0       0       0       0       0
Total ram usage:        4 bytes
 Hardware stack levels used:    1
 Hardware stack levels required when called:    1
 This function calls:
		___bmul
 This function is called by:
		_RunningADCC
		_RunningNew
 This function uses a non-reentrant model


 *************** function ___lwmod *****************
 Defined at:
		line 5 in file "C:\Program Files (x86)\Microchip\xc8\v2.05\pic\sources\c99\common\lwmod.c"
 Parameters:    Size  Location     Type
  divisor         2    4[COMMON] unsigned int 
  dividend        2    6[COMMON] unsigned int 
 Auto vars:     Size  Location     Type
  counter         1    9[COMMON] unsigned char 
 Return value:  Size  Location     Type
                  2    4[COMMON] unsigned int 
 Registers used:
		wreg, status,2, status,0
 Tracked objects:
		On entry : 
		On exit  : 
		Unchanged: 
 Data sizes:     COMMON   BANK0   BANK1   BANK2   BANK3   BANK4   BANK5   BANK6   BANK7   BANK8   BANK9  BANK10  BANK11  BANK12
      Params:         4       0       0       0       0       0       0       0       0       0       0       0       0       0
      Locals:         1       0       0       0       0       0       0       0       0       0       0       0       0       0
      Temps:          1       0       0       0       0       0       0       0       0       0       0       0       0       0
      Totals:         6       0       0       0       0       0       0       0       0       0       0       0       0       0
Total ram usage:        6 bytes
 Hardware stack levels used:    1
 This function calls:
		Nothing
 This function is called by:
		_main
		_RunningADCC
		_RunningNew
 This function uses a non-reentrant model


 *************** function ___lwdiv *****************
 Defined at:
		line 5 in file "C:\Program Files (x86)\Microchip\xc8\v2.05\pic\sources\c99\common\lwdiv.c"
 Parameters:    Size  Location     Type
  divisor         2    4[COMMON] unsigned int 
  dividend        2    6[COMMON] unsigned int 
 Auto vars:     Size  Location     Type
  quotient        2    9[COMMON] unsigned int 
  counter         1   11[COMMON] unsigned char 
 Return value:  Size  Location     Type
                  2    4[COMMON] unsigned int 
 Registers used:
		wreg, status,2, status,0
 Tracked objects:
		On entry : 
		On exit  : 
		Unchanged: 
 Data sizes:     COMMON   BANK0   BANK1   BANK2   BANK3   BANK4   BANK5   BANK6   BANK7   BANK8   BANK9  BANK10  BANK11  BANK12
      Params:         4       0       0       0       0       0       0       0       0       0       0       0       0       0
      Locals:         3       0       0       0       0       0       0       0       0       0       0       0       0       0
      Temps:          1       0       0       0       0       0       0       0       0       0       0       0       0       0
      Totals:         8       0       0       0       0       0       0       0       0       0       0       0       0       0
Total ram usage:        8 bytes
 Hardware stack levels used:    1
 This function calls:
		Nothing
 This function is called by:
		_main
		_RunningADCC
		_RunningNew
 This function uses a non-reentrant model


 *************** function _ADCC_GetSingleConversion *****************
 Defined at:
		line 130 in file "mcc_generated_files/adcc.c"
 Parameters:    Size  Location     Type
  channel         1    wreg     enum E11724
 Auto vars:     Size  Location     Type
  channel         1    3[COMMON] enum E11724
 Return value:  Size  Location     Type
                  2    0[COMMON] unsigned short 
 Registers used:
		wreg
 Tracked objects:
		On entry : 
		On exit  : 
		Unchanged: 
 Data sizes:     COMMON   BANK0   BANK1   BANK2   BANK3   BANK4   BANK5   BANK6   BANK7   BANK8   BANK9  BANK10  BANK11  BANK12
      Params:         3       0       0       0       0       0       0       0       0       0       0       0       0       0
      Locals:         1       0       0       0       0       0       0       0       0       0       0       0       0       0
      Temps:          0       0       0       0       0       0       0       0       0       0       0       0       0       0
      Totals:         4       0       0       0       0       0       0       0       0       0       0       0       0       0
Total ram usage:        4 bytes
 Hardware stack levels used:    1
 This function calls:
		Nothing
 This function is called by:
		_main
		_RunningADCC
		_RunningNew
 This function uses a non-reentrant model


 *************** function _DisplayOpen *****************
 Defined at:
		line 314 in file "main.c"
 Parameters:    Size  Location     Type
		None
 Auto vars:     Size  Location     Type
		None
 Return value:  Size  Location     Type
                  1    wreg      void 
 Registers used:
		wreg, fsr1l, fsr1h, status,2, status,0, pclath, cstack
 Tracked objects:
		On entry : 
		On exit  : 
		Unchanged: 
 Data sizes:     COMMON   BANK0   BANK1   BANK2   BANK3   BANK4   BANK5   BANK6   BANK7   BANK8   BANK9  BANK10  BANK11  BANK12
      Params:         0       0       0       0       0       0       0       0       0       0       0       0       0       0
      Locals:         0       0       0       0       0       0       0       0       0       0       0       0       0       0
      Temps:          0       0       0       0       0       0       0       0       0       0       0       0       0       0
      Totals:         0       0       0       0       0       0       0       0       0       0       0       0       0       0
Total ram usage:        0 bytes
 Hardware stack levels used:    1
 Hardware stack levels required when called:    2
 This function calls:
		_OpenShow
 This function is called by:
		_main
 This function uses a non-reentrant model


 *************** function _OpenShow *****************
 Defined at:
		line 159 in file "main.c"
 Parameters:    Size  Location     Type
  value           1    wreg     unsigned char 
 Auto vars:     Size  Location     Type
  value           1    6[COMMON] unsigned char 
  p               1    7[COMMON] PTR unsigned char 
		 -> Open(28), 
 Return value:  Size  Location     Type
                  1    wreg      void 
 Registers used:
		wreg, fsr1l, fsr1h, status,2, status,0, pclath, cstack
 Tracked objects:
		On entry : 
		On exit  : 
		Unchanged: 
 Data sizes:     COMMON   BANK0   BANK1   BANK2   BANK3   BANK4   BANK5   BANK6   BANK7   BANK8   BANK9  BANK10  BANK11  BANK12
      Params:         0       0       0       0       0       0       0       0       0       0       0       0       0       0
      Locals:         2       0       0       0       0       0       0       0       0       0       0       0       0       0
      Temps:          2       0       0       0       0       0       0       0       0       0       0       0       0       0
      Totals:         4       0       0       0       0       0       0       0       0       0       0       0       0       0
Total ram usage:        4 bytes
 Hardware stack levels used:    1
 Hardware stack levels required when called:    1
 This function calls:
		___bmul
 This function is called by:
		_DisplayOpen
 This function uses a non-reentrant model


 *************** function _DisplayDeny *****************
 Defined at:
		line 370 in file "main.c"
 Parameters:    Size  Location     Type
		None
 Auto vars:     Size  Location     Type
  count           2    9[COMMON] int 
 Return value:  Size  Location     Type
                  1    wreg      void 
 Registers used:
		wreg, fsr1l, fsr1h, status,2, status,0, pclath, cstack
 Tracked objects:
		On entry : 
		On exit  : 
		Unchanged: 
 Data sizes:     COMMON   BANK0   BANK1   BANK2   BANK3   BANK4   BANK5   BANK6   BANK7   BANK8   BANK9  BANK10  BANK11  BANK12
      Params:         0       0       0       0       0       0       0       0       0       0       0       0       0       0
      Locals:         2       0       0       0       0       0       0       0       0       0       0       0       0       0
      Temps:          1       0       0       0       0       0       0       0       0       0       0       0       0       0
      Totals:         3       0       0       0       0       0       0       0       0       0       0       0       0       0
Total ram usage:        3 bytes
 Hardware stack levels used:    1
 Hardware stack levels required when called:    2
 This function calls:
		_DenyShow
 This function is called by:
		_main
 This function uses a non-reentrant model


 *************** function _DenyShow *****************
 Defined at:
		line 179 in file "main.c"
 Parameters:    Size  Location     Type
  value           1    wreg     unsigned char 
 Auto vars:     Size  Location     Type
  value           1    6[COMMON] unsigned char 
  p               1    7[COMMON] PTR unsigned char 
		 -> Deny(28), 
 Return value:  Size  Location     Type
                  1    wreg      void 
 Registers used:
		wreg, fsr1l, fsr1h, status,2, status,0, pclath, cstack
 Tracked objects:
		On entry : 
		On exit  : 
		Unchanged: 
 Data sizes:     COMMON   BANK0   BANK1   BANK2   BANK3   BANK4   BANK5   BANK6   BANK7   BANK8   BANK9  BANK10  BANK11  BANK12
      Params:         0       0       0       0       0       0       0       0       0       0       0       0       0       0
      Locals:         2       0       0       0       0       0       0       0       0       0       0       0       0       0
      Temps:          2       0       0       0       0       0       0       0       0       0       0       0       0       0
      Totals:         4       0       0       0       0       0       0       0       0       0       0       0       0       0
Total ram usage:        4 bytes
 Hardware stack levels used:    1
 Hardware stack levels required when called:    1
 This function calls:
		___bmul
 This function is called by:
		_DisplayDeny
 This function uses a non-reentrant model


 *************** function ___bmul *****************
 Defined at:
		line 4 in file "C:\Program Files (x86)\Microchip\xc8\v2.05\pic\sources\c99\common\Umul8.c"
 Parameters:    Size  Location     Type
  multiplier      1    wreg     unsigned char 
  multiplicand    1    0[COMMON] unsigned char 
 Auto vars:     Size  Location     Type
  multiplier      1    3[COMMON] unsigned char 
  product         1    2[COMMON] unsigned char 
 Return value:  Size  Location     Type
                  1    wreg      unsigned char 
 Registers used:
		wreg, status,2, status,0
 Tracked objects:
		On entry : 
		On exit  : 
		Unchanged: 
 Data sizes:     COMMON   BANK0   BANK1   BANK2   BANK3   BANK4   BANK5   BANK6   BANK7   BANK8   BANK9  BANK10  BANK11  BANK12
      Params:         1       0       0       0       0       0       0       0       0       0       0       0       0       0
      Locals:         2       0       0       0       0       0       0       0       0       0       0       0       0       0
      Temps:          1       0       0       0       0       0       0       0       0       0       0       0       0       0
      Totals:         4       0       0       0       0       0       0       0       0       0       0       0       0       0
Total ram usage:        4 bytes
 Hardware stack levels used:    1
 This function calls:
		Nothing
 This function is called by:
		_OpenShow
		_LockShow
		_DenyShow
		_digitShow
 This function uses a non-reentrant model



MODULE INFORMATION

Module		Function		Class		Link	Load	Size
C:\Program Files (x86)\Microchip\xc8\v2.05\pic\sources\c99\common\lwmod.c
		___lwmod       		CODE           	0ECE	0000	45

C:\Program Files (x86)\Microchip\xc8\v2.05\pic\sources\c99\common\lwmod.c estimated size: 45

mcc_generated_files/pin_manager.c
		_PIN_MANAGER_Initialize		CODE           	0EAC	0000	35

mcc_generated_files/pin_manager.c estimated size: 35

C:\Program Files (x86)\Microchip\xc8\v2.05\pic\sources\c99\common\lwdiv.c
		___lwdiv       		CODE           	0EFA	0000	53

C:\Program Files (x86)\Microchip\xc8\v2.05\pic\sources\c99\common\lwdiv.c estimated size: 53

C:\Program Files (x86)\Microchip\xc8\v2.05\pic\sources\c99\common\Umul8.c
		___bmul        		CODE           	0E4E	0000	18

C:\Program Files (x86)\Microchip\xc8\v2.05\pic\sources\c99\common\Umul8.c estimated size: 18

shared
		__initialization		CODE           	07C6	0000	56

shared estimated size: 56

mcc_generated_files/mcc.c
		_PMD_Initialize		CODE           	0E0B	0000	9
		_OSCILLATOR_Initialize		CODE           	0E13	0000	10
		_SYSTEM_Initialize		CODE           	0E26	0000	13

mcc_generated_files/mcc.c estimated size: 32

C:\Program Files (x86)\Microchip\xc8\v2.05\pic\sources\c99\common\Umul16.c
		___wmul        		CODE           	0E75	0000	28

C:\Program Files (x86)\Microchip\xc8\v2.05\pic\sources\c99\common\Umul16.c estimated size: 28

mcc_generated_files/adcc.c
		_ADCC_GetSingleConversion		CODE           	0E3E	0000	17
		_ADCC_Initialize		CODE           	0E5F	0000	23

mcc_generated_files/adcc.c estimated size: 40

main.c
		_LockShow      		CODE           	016B	0000	100
		_SetShow       		CODE           	01CE	0000	119
		_NewShow       		CODE           	0244	0000	119
		_main          		CODE           	06B7	0000	272
		_ScrollSet     		CODE           	03DA	0000	157
		_RunningNew    		CODE           	0524	0000	194
		_RunningADCC   		CODE           	0476	0000	175
		_DenyShow      		CODE           	00A5	0000	100
		_OpenShow      		CODE           	0108	0000	100
		_Reset         		CODE           	0E1C	0000	11
		_DisplayLock   		CODE           	004F	0000	87
		_DisplayOpen   		CODE           	0F66	0000	69
		_DisplayDeny   		CODE           	0FAA	0000	87
		_digitShow     		CODE           	02BA	0000	134
		_Scrollnew     		CODE           	033F	0000	156

main.c estimated size: 1880

